// Jest Snapshot v1, https://goo.gl/fbAQLP

exports[`UsersList renders a snapshot properly 1`] = `
<div
  className="mt-3 container"
>
  <h1>
    Χρήστες
  </h1>
  <hr />
  <div
    className="MuiPaper-root MuiTableContainer-root MuiPaper-elevation1 MuiPaper-rounded"
  >
    <table
      aria-label="user table"
      className="MuiTable-root"
    >
      <thead
        className="MuiTableHead-root"
      >
        <tr
          className="MuiTableRow-root MuiTableRow-head"
        >
          <th
            aria-sort={null}
            className="MuiTableCell-root MuiTableCell-head"
            scope="col"
          >
            ID
          </th>
          <th
            aria-sort={null}
            className="MuiTableCell-root MuiTableCell-head MuiTableCell-alignRight"
            scope="col"
          >
            Email
          </th>
          <th
            aria-sort={null}
            className="MuiTableCell-root MuiTableCell-head MuiTableCell-alignRight"
            scope="col"
          >
            Username
          </th>
          <th
            aria-sort={null}
            className="MuiTableCell-root MuiTableCell-head MuiTableCell-alignRight"
            scope="col"
          >
            Confirmed
          </th>
          <th
            aria-sort={null}
            className="MuiTableCell-root MuiTableCell-head MuiTableCell-alignRight"
            scope="col"
          >
            Admin
          </th>
        </tr>
      </thead>
      <tbody
        className="MuiTableBody-root"
      >
        <tr
          className="MuiTableRow-root"
        >
          <th
            aria-sort={null}
            className="MuiTableCell-root MuiTableCell-body"
            scope="user"
          >
            1
          </th>
          <td
            aria-sort={null}
            className="MuiTableCell-root MuiTableCell-body MuiTableCell-alignRight"
          >
            argipap@gmail.com
          </td>
          <td
            aria-sort={null}
            className="MuiTableCell-root MuiTableCell-body MuiTableCell-alignRight"
          >
            argi
          </td>
          <td
            aria-sort={null}
            className="MuiTableCell-root MuiTableCell-body MuiTableCell-alignRight"
          >
            true
          </td>
          <td
            aria-sort={null}
            className="MuiTableCell-root MuiTableCell-body MuiTableCell-alignRight"
          >
            false
          </td>
        </tr>
        <tr
          className="MuiTableRow-root"
        >
          <th
            aria-sort={null}
            className="MuiTableCell-root MuiTableCell-body"
            scope="user"
          >
            2
          </th>
          <td
            aria-sort={null}
            className="MuiTableCell-root MuiTableCell-body MuiTableCell-alignRight"
          >
            jimbill@gmail.com
          </td>
          <td
            aria-sort={null}
            className="MuiTableCell-root MuiTableCell-body MuiTableCell-alignRight"
          >
            jimbill
          </td>
          <td
            aria-sort={null}
            className="MuiTableCell-root MuiTableCell-body MuiTableCell-alignRight"
          >
            true
          </td>
          <td
            aria-sort={null}
            className="MuiTableCell-root MuiTableCell-body MuiTableCell-alignRight"
          >
            false
          </td>
        </tr>
      </tbody>
    </table>
  </div>
</div>
`;
